    1   0.000000    127.0.0.1 → 127.0.0.1    SCTE104 65 SOP msgNo:2 opID:0x0003 alive_request_data()
Frame 1: Packet, 65 bytes on wire (520 bits), 65 bytes captured (520 bits)
Null/Loopback
Internet Protocol Version 4, Src: 127.0.0.1, Dst: 127.0.0.1
Transmission Control Protocol, Src Port: 56176, Dst Port: 5167, Seq: 1, Ack: 1, Len: 21
SCTE-104 Single Operation Message: alive_request_data()
    opID: alive_request_data() (0x0003)
    messageSize: 21
    result: Unknown (65535)
    result_extension: 65535 (0xffff)
    protocol_version: 0
    AS_index: 0 (0x00)
    message_number: 2
    DPI_PID_index: 0x00 (0)
    time(): Jan  8, 2026 03:48:15.257000000 UTC
        seconds: 1451879295
        microseconds: 257000

