    1   0.000000 10.101.17.103 → 10.101.18.96 SCTE104 75 ALIVE_RESP msgNo:1 result:100
Frame 1: Packet, 75 bytes on wire (600 bits), 75 bytes captured (600 bits)
Ethernet II, Src: Dell_74:67:ae (4c:d9:8f:74:67:ae), Dst: Dell_eb:d7:90 (f0:d4:e2:eb:d7:90)
Internet Protocol Version 4, Src: 10.101.17.103, Dst: 10.101.18.96
Transmission Control Protocol, Src Port: 5167, Dst Port: 36724, Seq: 1, Ack: 1, Len: 21
SCTE-104 Single Operation Message: alive_response_data()
    opID: alive_response_data() (0x0004)
    messageSize: 21
    result: Successful Response (100)
    result_extension: 65535 (0xffff)
    protocol_version: 0
    AS_index: 1 (0x01)
    message_number: 1
    DPI_PID_index: 0xfa0 (4000)
    time(): Jun  5, 2025 20:07:47.026253000 UTC
        seconds: 1433189267
        microseconds: 26253

