    1   0.000000 10.101.18.96 → 10.101.17.103 SCTE104 67 SOP msgNo:168 opID:0x0003 alive_request_data()
Frame 1: Packet, 67 bytes on wire (536 bits), 67 bytes captured (536 bits)
Ethernet II, Src: Dell_eb:d7:90 (f0:d4:e2:eb:d7:90), Dst: Dell_74:67:ae (4c:d9:8f:74:67:ae)
Internet Protocol Version 4, Src: 10.101.18.96, Dst: 10.101.17.103
Transmission Control Protocol, Src Port: 32880, Dst Port: 5167, Seq: 1, Ack: 1, Len: 13
SCTE-104 Single Operation Message: alive_request_data()
    opID: alive_request_data() (0x0003)
    messageSize: 13
    result: Unknown (65535)
    result_extension: 65535 (0xffff)
    protocol_version: 0
    AS_index: 1 (0x01)
    message_number: 168
    DPI_PID_index: 0xfa0 (4000)

