    1   0.000000 10.101.18.96 → 10.101.17.103 SCTE104 75 SOP msgNo:234 opID:0x0003 alive_request_data()
Frame 1: Packet, 75 bytes on wire (600 bits), 75 bytes captured (600 bits)
Ethernet II, Src: Dell_eb:d7:90 (f0:d4:e2:eb:d7:90), Dst: Dell_74:67:ae (4c:d9:8f:74:67:ae)
Internet Protocol Version 4, Src: 10.101.18.96, Dst: 10.101.17.103
Transmission Control Protocol, Src Port: 36482, Dst Port: 5167, Seq: 1, Ack: 1, Len: 21
SCTE-104 Single Operation Message: alive_request_data()
    opID: alive_request_data() (0x0003)
    messageSize: 21
    result: Unknown (65535)
    result_extension: 65535 (0xffff)
    protocol_version: 0
    AS_index: 1 (0x01)
    message_number: 234
    DPI_PID_index: 0xfa0 (4000)
    time(): Jun  5, 2025 20:05:13.014185000 UTC
        seconds: 1433189113
        microseconds: 14185

    2   0.000186 10.101.17.103 → 10.101.18.96 SCTE104 75 SOP msgNo:19 opID:0x0004 alive_response_data()
Frame 2: Packet, 75 bytes on wire (600 bits), 75 bytes captured (600 bits)
Ethernet II, Src: Dell_74:67:ae (4c:d9:8f:74:67:ae), Dst: Dell_eb:d7:90 (f0:d4:e2:eb:d7:90)
Internet Protocol Version 4, Src: 10.101.17.103, Dst: 10.101.18.96
Transmission Control Protocol, Src Port: 5167, Dst Port: 36482, Seq: 1, Ack: 22, Len: 21
SCTE-104 Single Operation Message: alive_response_data()
    opID: alive_response_data() (0x0004)
    messageSize: 21
    result: Successful Response (100)
    result_extension: 65535 (0xffff)
    protocol_version: 0
    AS_index: 1 (0x01)
    message_number: 19
    DPI_PID_index: 0xfa0 (4000)
    time(): Jun  5, 2025 20:04:57.011558000 UTC
        seconds: 1433189097
        microseconds: 11558

    3  10.000457 10.101.18.96 → 10.101.17.103 SCTE104 67 SOP msgNo:236 opID:0x0003 alive_request_data()
Frame 3: Packet, 67 bytes on wire (536 bits), 67 bytes captured (536 bits)
Ethernet II, Src: Dell_eb:d7:90 (f0:d4:e2:eb:d7:90), Dst: Dell_74:67:ae (4c:d9:8f:74:67:ae)
Internet Protocol Version 4, Src: 10.101.18.96, Dst: 10.101.17.103
Transmission Control Protocol, Src Port: 36482, Dst Port: 5167, Seq: 22, Ack: 22, Len: 13
SCTE-104 Single Operation Message: alive_request_data()
    opID: alive_request_data() (0x0003)
    messageSize: 13
    result: Unknown (65535)
    result_extension: 65535 (0xffff)
    protocol_version: 0
    AS_index: 1 (0x01)
    message_number: 236
    DPI_PID_index: 0xfa0 (4000)

    4  10.000642 10.101.17.103 → 10.101.18.96 SCTE104 75 SOP msgNo:20 opID:0x0004 alive_response_data()
Frame 4: Packet, 75 bytes on wire (600 bits), 75 bytes captured (600 bits)
Ethernet II, Src: Dell_74:67:ae (4c:d9:8f:74:67:ae), Dst: Dell_eb:d7:90 (f0:d4:e2:eb:d7:90)
Internet Protocol Version 4, Src: 10.101.17.103, Dst: 10.101.18.96
Transmission Control Protocol, Src Port: 5167, Dst Port: 36482, Seq: 22, Ack: 35, Len: 21
SCTE-104 Single Operation Message: alive_response_data()
    opID: alive_response_data() (0x0004)
    messageSize: 21
    result: Successful Response (100)
    result_extension: 65535 (0xffff)
    protocol_version: 0
    AS_index: 1 (0x01)
    message_number: 20
    DPI_PID_index: 0xfa0 (4000)
    time(): Jun  5, 2025 20:05:07.011973000 UTC
        seconds: 1433189107
        microseconds: 11973

    5  16.938956 10.101.18.96 → 10.101.17.103 SCTE104 84 MOP
Frame 5: Packet, 84 bytes on wire (672 bits), 84 bytes captured (672 bits)
Ethernet II, Src: Dell_eb:d7:90 (f0:d4:e2:eb:d7:90), Dst: Dell_74:67:ae (4c:d9:8f:74:67:ae)
Internet Protocol Version 4, Src: 10.101.18.96, Dst: 10.101.17.103
Transmission Control Protocol, Src Port: 36482, Dst Port: 5167, Seq: 35, Ack: 43, Len: 30
SCTE-104 Multiple Operation Message
    opID: Multiple Operation Message (0xffff)
    messageSize: 30
    protocol_version: 0
    AS_index: 1 (0x01)
    message_number: 238
    DPI_PID_index: 0xfa0 (4000)
    SCTE35_protocol_version: 0
    timestamp(): No timestamp
        time_type: None (0)
    num_ops: 1

    6  20.000728 10.101.18.96 → 10.101.17.103 SCTE104 75 [TCP ACKed unseen segment] SOP msgNo:239 opID:0x0003 alive_request_data()
Frame 6: Packet, 75 bytes on wire (600 bits), 75 bytes captured (600 bits)
Ethernet II, Src: Dell_eb:d7:90 (f0:d4:e2:eb:d7:90), Dst: Dell_74:67:ae (4c:d9:8f:74:67:ae)
Internet Protocol Version 4, Src: 10.101.18.96, Dst: 10.101.17.103
Transmission Control Protocol, Src Port: 36482, Dst Port: 5167, Seq: 65, Ack: 44, Len: 21
SCTE-104 Single Operation Message: alive_request_data()
    opID: alive_request_data() (0x0003)
    messageSize: 21
    result: Unknown (65535)
    result_extension: 65535 (0xffff)
    protocol_version: 0
    AS_index: 1 (0x01)
    message_number: 239
    DPI_PID_index: 0xfa0 (4000)
    time(): Jun  5, 2025 20:05:33.014966000 UTC
        seconds: 1433189133
        microseconds: 14966

    7  30.053324 10.101.18.96 → 10.101.17.103 SCTE104 67 SOP msgNo:240 opID:0x0003 alive_request_data()
Frame 7: Packet, 67 bytes on wire (536 bits), 67 bytes captured (536 bits)
Ethernet II, Src: Dell_eb:d7:90 (f0:d4:e2:eb:d7:90), Dst: Dell_74:67:ae (4c:d9:8f:74:67:ae)
Internet Protocol Version 4, Src: 10.101.18.96, Dst: 10.101.17.103
Transmission Control Protocol, Src Port: 36626, Dst Port: 5167, Seq: 1, Ack: 1, Len: 13
SCTE-104 Single Operation Message: alive_request_data()
    opID: alive_request_data() (0x0003)
    messageSize: 13
    result: Unknown (65535)
    result_extension: 65535 (0xffff)
    protocol_version: 0
    AS_index: 1 (0x01)
    message_number: 240
    DPI_PID_index: 0xfa0 (4000)

    8  30.053524 10.101.17.103 → 10.101.18.96 SCTE104 75 SOP msgNo:0 opID:0x0004 alive_response_data()
Frame 8: Packet, 75 bytes on wire (600 bits), 75 bytes captured (600 bits)
Ethernet II, Src: Dell_74:67:ae (4c:d9:8f:74:67:ae), Dst: Dell_eb:d7:90 (f0:d4:e2:eb:d7:90)
Internet Protocol Version 4, Src: 10.101.17.103, Dst: 10.101.18.96
Transmission Control Protocol, Src Port: 5167, Dst Port: 36626, Seq: 1, Ack: 14, Len: 21
SCTE-104 Single Operation Message: alive_response_data()
    opID: alive_response_data() (0x0004)
    messageSize: 21
    result: Successful Response (100)
    result_extension: 65535 (0xffff)
    protocol_version: 0
    AS_index: 1 (0x01)
    message_number: 0
    DPI_PID_index: 0xfa0 (4000)
    time(): Jun  5, 2025 20:05:27.064758000 UTC
        seconds: 1433189127
        microseconds: 64758

    9  40.004896 10.101.18.96 → 10.101.17.103 SCTE104 75 SOP msgNo:242 opID:0x0003 alive_request_data()
Frame 9: Packet, 75 bytes on wire (600 bits), 75 bytes captured (600 bits)
Ethernet II, Src: Dell_eb:d7:90 (f0:d4:e2:eb:d7:90), Dst: Dell_74:67:ae (4c:d9:8f:74:67:ae)
Internet Protocol Version 4, Src: 10.101.18.96, Dst: 10.101.17.103
Transmission Control Protocol, Src Port: 36626, Dst Port: 5167, Seq: 14, Ack: 22, Len: 21
SCTE-104 Single Operation Message: alive_request_data()
    opID: alive_request_data() (0x0003)
    messageSize: 21
    result: Unknown (65535)
    result_extension: 65535 (0xffff)
    protocol_version: 0
    AS_index: 1 (0x01)
    message_number: 242
    DPI_PID_index: 0xfa0 (4000)
    time(): Jun  5, 2025 20:05:53.019046000 UTC
        seconds: 1433189153
        microseconds: 19046

   10  40.005100 10.101.17.103 → 10.101.18.96 SCTE104 75 SOP msgNo:1 opID:0x0004 alive_response_data()
Frame 10: Packet, 75 bytes on wire (600 bits), 75 bytes captured (600 bits)
Ethernet II, Src: Dell_74:67:ae (4c:d9:8f:74:67:ae), Dst: Dell_eb:d7:90 (f0:d4:e2:eb:d7:90)
Internet Protocol Version 4, Src: 10.101.17.103, Dst: 10.101.18.96
Transmission Control Protocol, Src Port: 5167, Dst Port: 36626, Seq: 22, Ack: 35, Len: 21
SCTE-104 Single Operation Message: alive_response_data()
    opID: alive_response_data() (0x0004)
    messageSize: 21
    result: Successful Response (100)
    result_extension: 65535 (0xffff)
    protocol_version: 0
    AS_index: 1 (0x01)
    message_number: 1
    DPI_PID_index: 0xfa0 (4000)
    time(): Jun  5, 2025 20:05:37.016288000 UTC
        seconds: 1433189137
        microseconds: 16288

   11  41.120090 10.101.18.96 → 10.101.17.103 SCTE104 84 MOP
Frame 11: Packet, 84 bytes on wire (672 bits), 84 bytes captured (672 bits)
Ethernet II, Src: Dell_eb:d7:90 (f0:d4:e2:eb:d7:90), Dst: Dell_74:67:ae (4c:d9:8f:74:67:ae)
Internet Protocol Version 4, Src: 10.101.18.96, Dst: 10.101.17.103
Transmission Control Protocol, Src Port: 36626, Dst Port: 5167, Seq: 35, Ack: 43, Len: 30
SCTE-104 Multiple Operation Message
    opID: Multiple Operation Message (0xffff)
    messageSize: 30
    protocol_version: 0
    AS_index: 0 (0x00)
    message_number: 244
    DPI_PID_index: 0xfa0 (4000)
    SCTE35_protocol_version: 0
    timestamp(): No timestamp
        time_type: None (0)
    num_ops: 1

   12  41.120317 10.101.17.103 → 10.101.18.96 SCTE104 68 SOP msgNo:2 opID:0x0007 inject_response_data()
Frame 12: Packet, 68 bytes on wire (544 bits), 68 bytes captured (544 bits)
Ethernet II, Src: Dell_74:67:ae (4c:d9:8f:74:67:ae), Dst: Dell_eb:d7:90 (f0:d4:e2:eb:d7:90)
Internet Protocol Version 4, Src: 10.101.17.103, Dst: 10.101.18.96
Transmission Control Protocol, Src Port: 5167, Dst Port: 36626, Seq: 43, Ack: 65, Len: 14
SCTE-104 Single Operation Message: inject_response_data()
    opID: inject_response_data() (0x0007)
    messageSize: 14
    result: Successful Response (100)
    result_extension: 0 (0x00)
    protocol_version: 0
    AS_index: 0 (0x00)
    message_number: 2
    DPI_PID_index: 0xfa0 (4000)
    inject_response_data():
        message_number: 244

   13  50.006845 10.101.18.96 → 10.101.17.103 SCTE104 67 SOP msgNo:246 opID:0x0003 alive_request_data()
Frame 13: Packet, 67 bytes on wire (536 bits), 67 bytes captured (536 bits)
Ethernet II, Src: Dell_eb:d7:90 (f0:d4:e2:eb:d7:90), Dst: Dell_74:67:ae (4c:d9:8f:74:67:ae)
Internet Protocol Version 4, Src: 10.101.18.96, Dst: 10.101.17.103
Transmission Control Protocol, Src Port: 36626, Dst Port: 5167, Seq: 65, Ack: 57, Len: 13
SCTE-104 Single Operation Message: alive_request_data()
    opID: alive_request_data() (0x0003)
    messageSize: 13
    result: Unknown (65535)
    result_extension: 65535 (0xffff)
    protocol_version: 0
    AS_index: 1 (0x01)
    message_number: 246
    DPI_PID_index: 0xfa0 (4000)

   14  50.007031 10.101.17.103 → 10.101.18.96 SCTE104 75 SOP msgNo:3 opID:0x0004 alive_response_data()
Frame 14: Packet, 75 bytes on wire (600 bits), 75 bytes captured (600 bits)
Ethernet II, Src: Dell_74:67:ae (4c:d9:8f:74:67:ae), Dst: Dell_eb:d7:90 (f0:d4:e2:eb:d7:90)
Internet Protocol Version 4, Src: 10.101.17.103, Dst: 10.101.18.96
Transmission Control Protocol, Src Port: 5167, Dst Port: 36626, Seq: 57, Ack: 78, Len: 21
SCTE-104 Single Operation Message: alive_response_data()
    opID: alive_response_data() (0x0004)
    messageSize: 21
    result: Successful Response (100)
    result_extension: 65535 (0xffff)
    protocol_version: 0
    AS_index: 1 (0x01)
    message_number: 3
    DPI_PID_index: 0xfa0 (4000)
    time(): Jun  5, 2025 20:05:47.018178000 UTC
        seconds: 1433189147
        microseconds: 18178

   15  60.007497 10.101.18.96 → 10.101.17.103 SCTE104 75 SOP msgNo:248 opID:0x0003 alive_request_data()
Frame 15: Packet, 75 bytes on wire (600 bits), 75 bytes captured (600 bits)
Ethernet II, Src: Dell_eb:d7:90 (f0:d4:e2:eb:d7:90), Dst: Dell_74:67:ae (4c:d9:8f:74:67:ae)
Internet Protocol Version 4, Src: 10.101.18.96, Dst: 10.101.17.103
Transmission Control Protocol, Src Port: 36626, Dst Port: 5167, Seq: 78, Ack: 78, Len: 21
SCTE-104 Single Operation Message: alive_request_data()
    opID: alive_request_data() (0x0003)
    messageSize: 21
    result: Unknown (65535)
    result_extension: 65535 (0xffff)
    protocol_version: 0
    AS_index: 1 (0x01)
    message_number: 248
    DPI_PID_index: 0xfa0 (4000)
    time(): Jun  5, 2025 20:06:13.021674000 UTC
        seconds: 1433189173
        microseconds: 21674

   16  60.007679 10.101.17.103 → 10.101.18.96 SCTE104 75 SOP msgNo:4 opID:0x0004 alive_response_data()
Frame 16: Packet, 75 bytes on wire (600 bits), 75 bytes captured (600 bits)
Ethernet II, Src: Dell_74:67:ae (4c:d9:8f:74:67:ae), Dst: Dell_eb:d7:90 (f0:d4:e2:eb:d7:90)
Internet Protocol Version 4, Src: 10.101.17.103, Dst: 10.101.18.96
Transmission Control Protocol, Src Port: 5167, Dst Port: 36626, Seq: 78, Ack: 99, Len: 21
SCTE-104 Single Operation Message: alive_response_data()
    opID: alive_response_data() (0x0004)
    messageSize: 21
    result: Successful Response (100)
    result_extension: 65535 (0xffff)
    protocol_version: 0
    AS_index: 1 (0x01)
    message_number: 4
    DPI_PID_index: 0xfa0 (4000)
    time(): Jun  5, 2025 20:05:57.018769000 UTC
        seconds: 1433189157
        microseconds: 18769

   17  69.435741 10.101.18.96 → 10.101.17.103 SCTE104 84 MOP
Frame 17: Packet, 84 bytes on wire (672 bits), 84 bytes captured (672 bits)
Ethernet II, Src: Dell_eb:d7:90 (f0:d4:e2:eb:d7:90), Dst: Dell_74:67:ae (4c:d9:8f:74:67:ae)
Internet Protocol Version 4, Src: 10.101.18.96, Dst: 10.101.17.103
Transmission Control Protocol, Src Port: 36626, Dst Port: 5167, Seq: 99, Ack: 99, Len: 30
SCTE-104 Multiple Operation Message
    opID: Multiple Operation Message (0xffff)
    messageSize: 30
    protocol_version: 0
    AS_index: 1 (0x01)
    message_number: 250
    DPI_PID_index: 0xfa0 (4000)
    SCTE35_protocol_version: 0
    timestamp(): No timestamp
        time_type: None (0)
    num_ops: 1

   18  71.437110 10.101.18.96 → 10.101.17.103 SCTE104 67 [TCP ACKed unseen segment] SOP msgNo:251 opID:0x0003 alive_request_data()
Frame 18: Packet, 67 bytes on wire (536 bits), 67 bytes captured (536 bits)
Ethernet II, Src: Dell_eb:d7:90 (f0:d4:e2:eb:d7:90), Dst: Dell_74:67:ae (4c:d9:8f:74:67:ae)
Internet Protocol Version 4, Src: 10.101.18.96, Dst: 10.101.17.103
Transmission Control Protocol, Src Port: 36626, Dst Port: 5167, Seq: 129, Ack: 100, Len: 13
SCTE-104 Single Operation Message: alive_request_data()
    opID: alive_request_data() (0x0003)
    messageSize: 13
    result: Unknown (65535)
    result_extension: 65535 (0xffff)
    protocol_version: 0
    AS_index: 1 (0x01)
    message_number: 251
    DPI_PID_index: 0xfa0 (4000)

   19  80.058662 10.101.18.96 → 10.101.17.103 SCTE104 75 SOP msgNo:252 opID:0x0003 alive_request_data()
Frame 19: Packet, 75 bytes on wire (600 bits), 75 bytes captured (600 bits)
Ethernet II, Src: Dell_eb:d7:90 (f0:d4:e2:eb:d7:90), Dst: Dell_74:67:ae (4c:d9:8f:74:67:ae)
Internet Protocol Version 4, Src: 10.101.18.96, Dst: 10.101.17.103
Transmission Control Protocol, Src Port: 36662, Dst Port: 5167, Seq: 1, Ack: 1, Len: 21
SCTE-104 Single Operation Message: alive_request_data()
    opID: alive_request_data() (0x0003)
    messageSize: 21
    result: Unknown (65535)
    result_extension: 65535 (0xffff)
    protocol_version: 0
    AS_index: 1 (0x01)
    message_number: 252
    DPI_PID_index: 0xfa0 (4000)
    time(): Jun  5, 2025 20:06:33.022392000 UTC
        seconds: 1433189193
        microseconds: 22392

   20  80.058883 10.101.17.103 → 10.101.18.96 SCTE104 75 SOP msgNo:0 opID:0x0004 alive_response_data()
Frame 20: Packet, 75 bytes on wire (600 bits), 75 bytes captured (600 bits)
Ethernet II, Src: Dell_74:67:ae (4c:d9:8f:74:67:ae), Dst: Dell_eb:d7:90 (f0:d4:e2:eb:d7:90)
Internet Protocol Version 4, Src: 10.101.17.103, Dst: 10.101.18.96
Transmission Control Protocol, Src Port: 5167, Dst Port: 36662, Seq: 1, Ack: 22, Len: 21
SCTE-104 Single Operation Message: alive_response_data()
    opID: alive_response_data() (0x0004)
    messageSize: 21
    result: Successful Response (100)
    result_extension: 65535 (0xffff)
    protocol_version: 0
    AS_index: 1 (0x01)
    message_number: 0
    DPI_PID_index: 0xfa0 (4000)
    time(): Jun  5, 2025 20:06:17.069815000 UTC
        seconds: 1433189177
        microseconds: 69815

   21  90.008579 10.101.18.96 → 10.101.17.103 SCTE104 67 SOP msgNo:254 opID:0x0003 alive_request_data()
Frame 21: Packet, 67 bytes on wire (536 bits), 67 bytes captured (536 bits)
Ethernet II, Src: Dell_eb:d7:90 (f0:d4:e2:eb:d7:90), Dst: Dell_74:67:ae (4c:d9:8f:74:67:ae)
Internet Protocol Version 4, Src: 10.101.18.96, Dst: 10.101.17.103
Transmission Control Protocol, Src Port: 36662, Dst Port: 5167, Seq: 22, Ack: 22, Len: 13
SCTE-104 Single Operation Message: alive_request_data()
    opID: alive_request_data() (0x0003)
    messageSize: 13
    result: Unknown (65535)
    result_extension: 65535 (0xffff)
    protocol_version: 0
    AS_index: 1 (0x01)
    message_number: 254
    DPI_PID_index: 0xfa0 (4000)

   22  90.008766 10.101.17.103 → 10.101.18.96 SCTE104 75 SOP msgNo:1 opID:0x0004 alive_response_data()
Frame 22: Packet, 75 bytes on wire (600 bits), 75 bytes captured (600 bits)
Ethernet II, Src: Dell_74:67:ae (4c:d9:8f:74:67:ae), Dst: Dell_eb:d7:90 (f0:d4:e2:eb:d7:90)
Internet Protocol Version 4, Src: 10.101.17.103, Dst: 10.101.18.96
Transmission Control Protocol, Src Port: 5167, Dst Port: 36662, Seq: 22, Ack: 35, Len: 21
SCTE-104 Single Operation Message: alive_response_data()
    opID: alive_response_data() (0x0004)
    messageSize: 21
    result: Successful Response (100)
    result_extension: 65535 (0xffff)
    protocol_version: 0
    AS_index: 1 (0x01)
    message_number: 1
    DPI_PID_index: 0xfa0 (4000)
    time(): Jun  5, 2025 20:06:27.019696000 UTC
        seconds: 1433189187
        microseconds: 19696

   23 100.011655 10.101.18.96 → 10.101.17.103 SCTE104 75 SOP msgNo:0 opID:0x0003 alive_request_data()
Frame 23: Packet, 75 bytes on wire (600 bits), 75 bytes captured (600 bits)
Ethernet II, Src: Dell_eb:d7:90 (f0:d4:e2:eb:d7:90), Dst: Dell_74:67:ae (4c:d9:8f:74:67:ae)
Internet Protocol Version 4, Src: 10.101.18.96, Dst: 10.101.17.103
Transmission Control Protocol, Src Port: 36662, Dst Port: 5167, Seq: 35, Ack: 43, Len: 21
SCTE-104 Single Operation Message: alive_request_data()
    opID: alive_request_data() (0x0003)
    messageSize: 21
    result: Unknown (65535)
    result_extension: 65535 (0xffff)
    protocol_version: 0
    AS_index: 1 (0x01)
    message_number: 0
    DPI_PID_index: 0xfa0 (4000)
    time(): Jun  5, 2025 20:06:53.025204000 UTC
        seconds: 1433189213
        microseconds: 25204

   24 100.011862 10.101.17.103 → 10.101.18.96 SCTE104 75 SOP msgNo:2 opID:0x0004 alive_response_data()
Frame 24: Packet, 75 bytes on wire (600 bits), 75 bytes captured (600 bits)
Ethernet II, Src: Dell_74:67:ae (4c:d9:8f:74:67:ae), Dst: Dell_eb:d7:90 (f0:d4:e2:eb:d7:90)
Internet Protocol Version 4, Src: 10.101.17.103, Dst: 10.101.18.96
Transmission Control Protocol, Src Port: 5167, Dst Port: 36662, Seq: 43, Ack: 56, Len: 21
SCTE-104 Single Operation Message: alive_response_data()
    opID: alive_response_data() (0x0004)
    messageSize: 21
    result: Successful Response (100)
    result_extension: 65535 (0xffff)
    protocol_version: 0
    AS_index: 1 (0x01)
    message_number: 2
    DPI_PID_index: 0xfa0 (4000)
    time(): Jun  5, 2025 20:06:37.022732000 UTC
        seconds: 1433189197
        microseconds: 22732

   25 110.011411 10.101.18.96 → 10.101.17.103 SCTE104 67 SOP msgNo:2 opID:0x0003 alive_request_data()
Frame 25: Packet, 67 bytes on wire (536 bits), 67 bytes captured (536 bits)
Ethernet II, Src: Dell_eb:d7:90 (f0:d4:e2:eb:d7:90), Dst: Dell_74:67:ae (4c:d9:8f:74:67:ae)
Internet Protocol Version 4, Src: 10.101.18.96, Dst: 10.101.17.103
Transmission Control Protocol, Src Port: 36662, Dst Port: 5167, Seq: 56, Ack: 64, Len: 13
SCTE-104 Single Operation Message: alive_request_data()
    opID: alive_request_data() (0x0003)
    messageSize: 13
    result: Unknown (65535)
    result_extension: 65535 (0xffff)
    protocol_version: 0
    AS_index: 1 (0x01)
    message_number: 2
    DPI_PID_index: 0xfa0 (4000)

   26 110.011587 10.101.17.103 → 10.101.18.96 SCTE104 75 SOP msgNo:3 opID:0x0004 alive_response_data()
Frame 26: Packet, 75 bytes on wire (600 bits), 75 bytes captured (600 bits)
Ethernet II, Src: Dell_74:67:ae (4c:d9:8f:74:67:ae), Dst: Dell_eb:d7:90 (f0:d4:e2:eb:d7:90)
Internet Protocol Version 4, Src: 10.101.17.103, Dst: 10.101.18.96
Transmission Control Protocol, Src Port: 5167, Dst Port: 36662, Seq: 64, Ack: 69, Len: 21
SCTE-104 Single Operation Message: alive_response_data()
    opID: alive_response_data() (0x0004)
    messageSize: 21
    result: Successful Response (100)
    result_extension: 65535 (0xffff)
    protocol_version: 0
    AS_index: 1 (0x01)
    message_number: 3
    DPI_PID_index: 0xfa0 (4000)
    time(): Jun  5, 2025 20:06:47.022436000 UTC
        seconds: 1433189207
        microseconds: 22436

   27 120.011818 10.101.18.96 → 10.101.17.103 SCTE104 75 SOP msgNo:4 opID:0x0003 alive_request_data()
Frame 27: Packet, 75 bytes on wire (600 bits), 75 bytes captured (600 bits)
Ethernet II, Src: Dell_eb:d7:90 (f0:d4:e2:eb:d7:90), Dst: Dell_74:67:ae (4c:d9:8f:74:67:ae)
Internet Protocol Version 4, Src: 10.101.18.96, Dst: 10.101.17.103
Transmission Control Protocol, Src Port: 36662, Dst Port: 5167, Seq: 69, Ack: 85, Len: 21
SCTE-104 Single Operation Message: alive_request_data()
    opID: alive_request_data() (0x0003)
    messageSize: 21
    result: Unknown (65535)
    result_extension: 65535 (0xffff)
    protocol_version: 0
    AS_index: 1 (0x01)
    message_number: 4
    DPI_PID_index: 0xfa0 (4000)
    time(): Jun  5, 2025 20:07:13.026001000 UTC
        seconds: 1433189233
        microseconds: 26001

   28 120.012005 10.101.17.103 → 10.101.18.96 SCTE104 75 SOP msgNo:4 opID:0x0004 alive_response_data()
Frame 28: Packet, 75 bytes on wire (600 bits), 75 bytes captured (600 bits)
Ethernet II, Src: Dell_74:67:ae (4c:d9:8f:74:67:ae), Dst: Dell_eb:d7:90 (f0:d4:e2:eb:d7:90)
Internet Protocol Version 4, Src: 10.101.17.103, Dst: 10.101.18.96
Transmission Control Protocol, Src Port: 5167, Dst Port: 36662, Seq: 85, Ack: 90, Len: 21
SCTE-104 Single Operation Message: alive_response_data()
    opID: alive_response_data() (0x0004)
    messageSize: 21
    result: Successful Response (100)
    result_extension: 65535 (0xffff)
    protocol_version: 0
    AS_index: 1 (0x01)
    message_number: 4
    DPI_PID_index: 0xfa0 (4000)
    time(): Jun  5, 2025 20:06:57.022803000 UTC
        seconds: 1433189217
        microseconds: 22803

   29 130.012215 10.101.18.96 → 10.101.17.103 SCTE104 67 SOP msgNo:6 opID:0x0003 alive_request_data()
Frame 29: Packet, 67 bytes on wire (536 bits), 67 bytes captured (536 bits)
Ethernet II, Src: Dell_eb:d7:90 (f0:d4:e2:eb:d7:90), Dst: Dell_74:67:ae (4c:d9:8f:74:67:ae)
Internet Protocol Version 4, Src: 10.101.18.96, Dst: 10.101.17.103
Transmission Control Protocol, Src Port: 36662, Dst Port: 5167, Seq: 90, Ack: 106, Len: 13
SCTE-104 Single Operation Message: alive_request_data()
    opID: alive_request_data() (0x0003)
    messageSize: 13
    result: Unknown (65535)
    result_extension: 65535 (0xffff)
    protocol_version: 0
    AS_index: 1 (0x01)
    message_number: 6
    DPI_PID_index: 0xfa0 (4000)

   30 130.012379 10.101.17.103 → 10.101.18.96 SCTE104 75 SOP msgNo:5 opID:0x0004 alive_response_data()
Frame 30: Packet, 75 bytes on wire (600 bits), 75 bytes captured (600 bits)
Ethernet II, Src: Dell_74:67:ae (4c:d9:8f:74:67:ae), Dst: Dell_eb:d7:90 (f0:d4:e2:eb:d7:90)
Internet Protocol Version 4, Src: 10.101.17.103, Dst: 10.101.18.96
Transmission Control Protocol, Src Port: 5167, Dst Port: 36662, Seq: 106, Ack: 103, Len: 21
SCTE-104 Single Operation Message: alive_response_data()
    opID: alive_response_data() (0x0004)
    messageSize: 21
    result: Successful Response (100)
    result_extension: 65535 (0xffff)
    protocol_version: 0
    AS_index: 1 (0x01)
    message_number: 5
    DPI_PID_index: 0xfa0 (4000)
    time(): Jun  5, 2025 20:07:07.023135000 UTC
        seconds: 1433189227
        microseconds: 23135

   31 140.012505 10.101.18.96 → 10.101.17.103 SCTE104 75 SOP msgNo:8 opID:0x0003 alive_request_data()
Frame 31: Packet, 75 bytes on wire (600 bits), 75 bytes captured (600 bits)
Ethernet II, Src: Dell_eb:d7:90 (f0:d4:e2:eb:d7:90), Dst: Dell_74:67:ae (4c:d9:8f:74:67:ae)
Internet Protocol Version 4, Src: 10.101.18.96, Dst: 10.101.17.103
Transmission Control Protocol, Src Port: 36662, Dst Port: 5167, Seq: 103, Ack: 127, Len: 21
SCTE-104 Single Operation Message: alive_request_data()
    opID: alive_request_data() (0x0003)
    messageSize: 21
    result: Unknown (65535)
    result_extension: 65535 (0xffff)
    protocol_version: 0
    AS_index: 1 (0x01)
    message_number: 8
    DPI_PID_index: 0xfa0 (4000)
    time(): Jun  5, 2025 20:07:33.026687000 UTC
        seconds: 1433189253
        microseconds: 26687

   32 140.012696 10.101.17.103 → 10.101.18.96 SCTE104 75 SOP msgNo:6 opID:0x0004 alive_response_data()
Frame 32: Packet, 75 bytes on wire (600 bits), 75 bytes captured (600 bits)
Ethernet II, Src: Dell_74:67:ae (4c:d9:8f:74:67:ae), Dst: Dell_eb:d7:90 (f0:d4:e2:eb:d7:90)
Internet Protocol Version 4, Src: 10.101.17.103, Dst: 10.101.18.96
Transmission Control Protocol, Src Port: 5167, Dst Port: 36662, Seq: 127, Ack: 124, Len: 21
SCTE-104 Single Operation Message: alive_response_data()
    opID: alive_response_data() (0x0004)
    messageSize: 21
    result: Successful Response (100)
    result_extension: 65535 (0xffff)
    protocol_version: 0
    AS_index: 1 (0x01)
    message_number: 6
    DPI_PID_index: 0xfa0 (4000)
    time(): Jun  5, 2025 20:07:17.023397000 UTC
        seconds: 1433189237
        microseconds: 23397

   33 141.594784 10.101.18.96 → 10.101.17.103 SCTE104 84 MOP
Frame 33: Packet, 84 bytes on wire (672 bits), 84 bytes captured (672 bits)
Ethernet II, Src: Dell_eb:d7:90 (f0:d4:e2:eb:d7:90), Dst: Dell_74:67:ae (4c:d9:8f:74:67:ae)
Internet Protocol Version 4, Src: 10.101.18.96, Dst: 10.101.17.103
Transmission Control Protocol, Src Port: 36662, Dst Port: 5167, Seq: 124, Ack: 148, Len: 30
SCTE-104 Multiple Operation Message
    opID: Multiple Operation Message (0xffff)
    messageSize: 30
    protocol_version: 0
    AS_index: 1 (0x01)
    message_number: 10
    DPI_PID_index: 0xfa0 (4000)
    SCTE35_protocol_version: 0
    timestamp(): No timestamp
        time_type: None (0)
    num_ops: 1

   34 150.012798 10.101.18.96 → 10.101.17.103 SCTE104 67 [TCP ACKed unseen segment] SOP msgNo:11 opID:0x0003 alive_request_data()
Frame 34: Packet, 67 bytes on wire (536 bits), 67 bytes captured (536 bits)
Ethernet II, Src: Dell_eb:d7:90 (f0:d4:e2:eb:d7:90), Dst: Dell_74:67:ae (4c:d9:8f:74:67:ae)
Internet Protocol Version 4, Src: 10.101.18.96, Dst: 10.101.17.103
Transmission Control Protocol, Src Port: 36662, Dst Port: 5167, Seq: 154, Ack: 149, Len: 13
SCTE-104 Single Operation Message: alive_request_data()
    opID: alive_request_data() (0x0003)
    messageSize: 13
    result: Unknown (65535)
    result_extension: 65535 (0xffff)
    protocol_version: 0
    AS_index: 1 (0x01)
    message_number: 11
    DPI_PID_index: 0xfa0 (4000)

   35 160.064696 10.101.18.96 → 10.101.17.103 SCTE104 75 SOP msgNo:12 opID:0x0003 alive_request_data()
Frame 35: Packet, 75 bytes on wire (600 bits), 75 bytes captured (600 bits)
Ethernet II, Src: Dell_eb:d7:90 (f0:d4:e2:eb:d7:90), Dst: Dell_74:67:ae (4c:d9:8f:74:67:ae)
Internet Protocol Version 4, Src: 10.101.18.96, Dst: 10.101.17.103
Transmission Control Protocol, Src Port: 36724, Dst Port: 5167, Seq: 1, Ack: 1, Len: 21
SCTE-104 Single Operation Message: alive_request_data()
    opID: alive_request_data() (0x0003)
    messageSize: 21
    result: Unknown (65535)
    result_extension: 65535 (0xffff)
    protocol_version: 0
    AS_index: 1 (0x01)
    message_number: 12
    DPI_PID_index: 0xfa0 (4000)
    time(): Jun  5, 2025 20:07:53.028323000 UTC
        seconds: 1433189273
        microseconds: 28323

   36 160.064938 10.101.17.103 → 10.101.18.96 SCTE104 75 SOP msgNo:0 opID:0x0004 alive_response_data()
Frame 36: Packet, 75 bytes on wire (600 bits), 75 bytes captured (600 bits)
Ethernet II, Src: Dell_74:67:ae (4c:d9:8f:74:67:ae), Dst: Dell_eb:d7:90 (f0:d4:e2:eb:d7:90)
Internet Protocol Version 4, Src: 10.101.17.103, Dst: 10.101.18.96
Transmission Control Protocol, Src Port: 5167, Dst Port: 36724, Seq: 1, Ack: 22, Len: 21
SCTE-104 Single Operation Message: alive_response_data()
    opID: alive_response_data() (0x0004)
    messageSize: 21
    result: Successful Response (100)
    result_extension: 65535 (0xffff)
    protocol_version: 0
    AS_index: 1 (0x01)
    message_number: 0
    DPI_PID_index: 0xfa0 (4000)
    time(): Jun  5, 2025 20:07:37.075493000 UTC
        seconds: 1433189257
        microseconds: 75493

   37 170.015516 10.101.18.96 → 10.101.17.103 SCTE104 67 SOP msgNo:14 opID:0x0003 alive_request_data()
Frame 37: Packet, 67 bytes on wire (536 bits), 67 bytes captured (536 bits)
Ethernet II, Src: Dell_eb:d7:90 (f0:d4:e2:eb:d7:90), Dst: Dell_74:67:ae (4c:d9:8f:74:67:ae)
Internet Protocol Version 4, Src: 10.101.18.96, Dst: 10.101.17.103
Transmission Control Protocol, Src Port: 36724, Dst Port: 5167, Seq: 22, Ack: 22, Len: 13
SCTE-104 Single Operation Message: alive_request_data()
    opID: alive_request_data() (0x0003)
    messageSize: 13
    result: Unknown (65535)
    result_extension: 65535 (0xffff)
    protocol_version: 0
    AS_index: 1 (0x01)
    message_number: 14
    DPI_PID_index: 0xfa0 (4000)

   38 170.015701 10.101.17.103 → 10.101.18.96 SCTE104 75 SOP msgNo:1 opID:0x0004 alive_response_data()
Frame 38: Packet, 75 bytes on wire (600 bits), 75 bytes captured (600 bits)
Ethernet II, Src: Dell_74:67:ae (4c:d9:8f:74:67:ae), Dst: Dell_eb:d7:90 (f0:d4:e2:eb:d7:90)
Internet Protocol Version 4, Src: 10.101.17.103, Dst: 10.101.18.96
Transmission Control Protocol, Src Port: 5167, Dst Port: 36724, Seq: 22, Ack: 35, Len: 21
SCTE-104 Single Operation Message: alive_response_data()
    opID: alive_response_data() (0x0004)
    messageSize: 21
    result: Successful Response (100)
    result_extension: 65535 (0xffff)
    protocol_version: 0
    AS_index: 1 (0x01)
    message_number: 1
    DPI_PID_index: 0xfa0 (4000)
    time(): Jun  5, 2025 20:07:47.026253000 UTC
        seconds: 1433189267
        microseconds: 26253

   39 180.015868 10.101.18.96 → 10.101.17.103 SCTE104 75 SOP msgNo:16 opID:0x0003 alive_request_data()
Frame 39: Packet, 75 bytes on wire (600 bits), 75 bytes captured (600 bits)
Ethernet II, Src: Dell_eb:d7:90 (f0:d4:e2:eb:d7:90), Dst: Dell_74:67:ae (4c:d9:8f:74:67:ae)
Internet Protocol Version 4, Src: 10.101.18.96, Dst: 10.101.17.103
Transmission Control Protocol, Src Port: 36724, Dst Port: 5167, Seq: 35, Ack: 43, Len: 21
SCTE-104 Single Operation Message: alive_request_data()
    opID: alive_request_data() (0x0003)
    messageSize: 21
    result: Unknown (65535)
    result_extension: 65535 (0xffff)
    protocol_version: 0
    AS_index: 1 (0x01)
    message_number: 16
    DPI_PID_index: 0xfa0 (4000)
    time(): Jun  5, 2025 20:08:13.030011000 UTC
        seconds: 1433189293
        microseconds: 30011

   40 180.016044 10.101.17.103 → 10.101.18.96 SCTE104 75 SOP msgNo:2 opID:0x0004 alive_response_data()
Frame 40: Packet, 75 bytes on wire (600 bits), 75 bytes captured (600 bits)
Ethernet II, Src: Dell_74:67:ae (4c:d9:8f:74:67:ae), Dst: Dell_eb:d7:90 (f0:d4:e2:eb:d7:90)
Internet Protocol Version 4, Src: 10.101.17.103, Dst: 10.101.18.96
Transmission Control Protocol, Src Port: 5167, Dst Port: 36724, Seq: 43, Ack: 56, Len: 21
SCTE-104 Single Operation Message: alive_response_data()
    opID: alive_response_data() (0x0004)
    messageSize: 21
    result: Successful Response (100)
    result_extension: 65535 (0xffff)
    protocol_version: 0
    AS_index: 1 (0x01)
    message_number: 2
    DPI_PID_index: 0xfa0 (4000)
    time(): Jun  5, 2025 20:07:57.026543000 UTC
        seconds: 1433189277
        microseconds: 26543

   41 190.016633 10.101.18.96 → 10.101.17.103 SCTE104 67 SOP msgNo:18 opID:0x0003 alive_request_data()
Frame 41: Packet, 67 bytes on wire (536 bits), 67 bytes captured (536 bits)
Ethernet II, Src: Dell_eb:d7:90 (f0:d4:e2:eb:d7:90), Dst: Dell_74:67:ae (4c:d9:8f:74:67:ae)
Internet Protocol Version 4, Src: 10.101.18.96, Dst: 10.101.17.103
Transmission Control Protocol, Src Port: 36724, Dst Port: 5167, Seq: 56, Ack: 64, Len: 13
SCTE-104 Single Operation Message: alive_request_data()
    opID: alive_request_data() (0x0003)
    messageSize: 13
    result: Unknown (65535)
    result_extension: 65535 (0xffff)
    protocol_version: 0
    AS_index: 1 (0x01)
    message_number: 18
    DPI_PID_index: 0xfa0 (4000)

   42 190.016806 10.101.17.103 → 10.101.18.96 SCTE104 75 SOP msgNo:3 opID:0x0004 alive_response_data()
Frame 42: Packet, 75 bytes on wire (600 bits), 75 bytes captured (600 bits)
Ethernet II, Src: Dell_74:67:ae (4c:d9:8f:74:67:ae), Dst: Dell_eb:d7:90 (f0:d4:e2:eb:d7:90)
Internet Protocol Version 4, Src: 10.101.17.103, Dst: 10.101.18.96
Transmission Control Protocol, Src Port: 5167, Dst Port: 36724, Seq: 64, Ack: 69, Len: 21
SCTE-104 Single Operation Message: alive_response_data()
    opID: alive_response_data() (0x0004)
    messageSize: 21
    result: Successful Response (100)
    result_extension: 65535 (0xffff)
    protocol_version: 0
    AS_index: 1 (0x01)
    message_number: 3
    DPI_PID_index: 0xfa0 (4000)
    time(): Jun  5, 2025 20:08:07.027247000 UTC
        seconds: 1433189287
        microseconds: 27247

   43 200.017292 10.101.18.96 → 10.101.17.103 SCTE104 75 SOP msgNo:20 opID:0x0003 alive_request_data()
Frame 43: Packet, 75 bytes on wire (600 bits), 75 bytes captured (600 bits)
Ethernet II, Src: Dell_eb:d7:90 (f0:d4:e2:eb:d7:90), Dst: Dell_74:67:ae (4c:d9:8f:74:67:ae)
Internet Protocol Version 4, Src: 10.101.18.96, Dst: 10.101.17.103
Transmission Control Protocol, Src Port: 36724, Dst Port: 5167, Seq: 69, Ack: 85, Len: 21
SCTE-104 Single Operation Message: alive_request_data()
    opID: alive_request_data() (0x0003)
    messageSize: 21
    result: Unknown (65535)
    result_extension: 65535 (0xffff)
    protocol_version: 0
    AS_index: 1 (0x01)
    message_number: 20
    DPI_PID_index: 0xfa0 (4000)
    time(): Jun  5, 2025 20:08:33.031471000 UTC
        seconds: 1433189313
        microseconds: 31471

   44 200.017510 10.101.17.103 → 10.101.18.96 SCTE104 75 SOP msgNo:4 opID:0x0004 alive_response_data()
Frame 44: Packet, 75 bytes on wire (600 bits), 75 bytes captured (600 bits)
Ethernet II, Src: Dell_74:67:ae (4c:d9:8f:74:67:ae), Dst: Dell_eb:d7:90 (f0:d4:e2:eb:d7:90)
Internet Protocol Version 4, Src: 10.101.17.103, Dst: 10.101.18.96
Transmission Control Protocol, Src Port: 5167, Dst Port: 36724, Seq: 85, Ack: 90, Len: 21
SCTE-104 Single Operation Message: alive_response_data()
    opID: alive_response_data() (0x0004)
    messageSize: 21
    result: Successful Response (100)
    result_extension: 65535 (0xffff)
    protocol_version: 0
    AS_index: 1 (0x01)
    message_number: 4
    DPI_PID_index: 0xfa0 (4000)
    time(): Jun  5, 2025 20:08:17.027843000 UTC
        seconds: 1433189297
        microseconds: 27843

   45 210.017646 10.101.18.96 → 10.101.17.103 SCTE104 67 SOP msgNo:22 opID:0x0003 alive_request_data()
Frame 45: Packet, 67 bytes on wire (536 bits), 67 bytes captured (536 bits)
Ethernet II, Src: Dell_eb:d7:90 (f0:d4:e2:eb:d7:90), Dst: Dell_74:67:ae (4c:d9:8f:74:67:ae)
Internet Protocol Version 4, Src: 10.101.18.96, Dst: 10.101.17.103
Transmission Control Protocol, Src Port: 36724, Dst Port: 5167, Seq: 90, Ack: 106, Len: 13
SCTE-104 Single Operation Message: alive_request_data()
    opID: alive_request_data() (0x0003)
    messageSize: 13
    result: Unknown (65535)
    result_extension: 65535 (0xffff)
    protocol_version: 0
    AS_index: 1 (0x01)
    message_number: 22
    DPI_PID_index: 0xfa0 (4000)

   46 210.017849 10.101.17.103 → 10.101.18.96 SCTE104 75 SOP msgNo:5 opID:0x0004 alive_response_data()
Frame 46: Packet, 75 bytes on wire (600 bits), 75 bytes captured (600 bits)
Ethernet II, Src: Dell_74:67:ae (4c:d9:8f:74:67:ae), Dst: Dell_eb:d7:90 (f0:d4:e2:eb:d7:90)
Internet Protocol Version 4, Src: 10.101.17.103, Dst: 10.101.18.96
Transmission Control Protocol, Src Port: 5167, Dst Port: 36724, Seq: 106, Ack: 103, Len: 21
SCTE-104 Single Operation Message: alive_response_data()
    opID: alive_response_data() (0x0004)
    messageSize: 21
    result: Successful Response (100)
    result_extension: 65535 (0xffff)
    protocol_version: 0
    AS_index: 1 (0x01)
    message_number: 5
    DPI_PID_index: 0xfa0 (4000)
    time(): Jun  5, 2025 20:08:27.028138000 UTC
        seconds: 1433189307
        microseconds: 28138

   47 220.018901 10.101.18.96 → 10.101.17.103 SCTE104 75 SOP msgNo:24 opID:0x0003 alive_request_data()
Frame 47: Packet, 75 bytes on wire (600 bits), 75 bytes captured (600 bits)
Ethernet II, Src: Dell_eb:d7:90 (f0:d4:e2:eb:d7:90), Dst: Dell_74:67:ae (4c:d9:8f:74:67:ae)
Internet Protocol Version 4, Src: 10.101.18.96, Dst: 10.101.17.103
Transmission Control Protocol, Src Port: 36724, Dst Port: 5167, Seq: 103, Ack: 127, Len: 21
SCTE-104 Single Operation Message: alive_request_data()
    opID: alive_request_data() (0x0003)
    messageSize: 21
    result: Unknown (65535)
    result_extension: 65535 (0xffff)
    protocol_version: 0
    AS_index: 1 (0x01)
    message_number: 24
    DPI_PID_index: 0xfa0 (4000)
    time(): Jun  5, 2025 20:08:53.033092000 UTC
        seconds: 1433189333
        microseconds: 33092

   48 220.019084 10.101.17.103 → 10.101.18.96 SCTE104 75 SOP msgNo:6 opID:0x0004 alive_response_data()
Frame 48: Packet, 75 bytes on wire (600 bits), 75 bytes captured (600 bits)
Ethernet II, Src: Dell_74:67:ae (4c:d9:8f:74:67:ae), Dst: Dell_eb:d7:90 (f0:d4:e2:eb:d7:90)
Internet Protocol Version 4, Src: 10.101.17.103, Dst: 10.101.18.96
Transmission Control Protocol, Src Port: 5167, Dst Port: 36724, Seq: 127, Ack: 124, Len: 21
SCTE-104 Single Operation Message: alive_response_data()
    opID: alive_response_data() (0x0004)
    messageSize: 21
    result: Successful Response (100)
    result_extension: 65535 (0xffff)
    protocol_version: 0
    AS_index: 1 (0x01)
    message_number: 6
    DPI_PID_index: 0xfa0 (4000)
    time(): Jun  5, 2025 20:08:37.029328000 UTC
        seconds: 1433189317
        microseconds: 29328

   49 230.019387 10.101.18.96 → 10.101.17.103 SCTE104 67 SOP msgNo:26 opID:0x0003 alive_request_data()
Frame 49: Packet, 67 bytes on wire (536 bits), 67 bytes captured (536 bits)
Ethernet II, Src: Dell_eb:d7:90 (f0:d4:e2:eb:d7:90), Dst: Dell_74:67:ae (4c:d9:8f:74:67:ae)
Internet Protocol Version 4, Src: 10.101.18.96, Dst: 10.101.17.103
Transmission Control Protocol, Src Port: 36724, Dst Port: 5167, Seq: 124, Ack: 148, Len: 13
SCTE-104 Single Operation Message: alive_request_data()
    opID: alive_request_data() (0x0003)
    messageSize: 13
    result: Unknown (65535)
    result_extension: 65535 (0xffff)
    protocol_version: 0
    AS_index: 1 (0x01)
    message_number: 26
    DPI_PID_index: 0xfa0 (4000)

   50 230.019570 10.101.17.103 → 10.101.18.96 SCTE104 75 SOP msgNo:7 opID:0x0004 alive_response_data()
Frame 50: Packet, 75 bytes on wire (600 bits), 75 bytes captured (600 bits)
Ethernet II, Src: Dell_74:67:ae (4c:d9:8f:74:67:ae), Dst: Dell_eb:d7:90 (f0:d4:e2:eb:d7:90)
Internet Protocol Version 4, Src: 10.101.17.103, Dst: 10.101.18.96
Transmission Control Protocol, Src Port: 5167, Dst Port: 36724, Seq: 148, Ack: 137, Len: 21
SCTE-104 Single Operation Message: alive_response_data()
    opID: alive_response_data() (0x0004)
    messageSize: 21
    result: Successful Response (100)
    result_extension: 65535 (0xffff)
    protocol_version: 0
    AS_index: 1 (0x01)
    message_number: 7
    DPI_PID_index: 0xfa0 (4000)
    time(): Jun  5, 2025 20:08:47.029757000 UTC
        seconds: 1433189327
        microseconds: 29757

   51 240.019888 10.101.18.96 → 10.101.17.103 SCTE104 75 SOP msgNo:28 opID:0x0003 alive_request_data()
Frame 51: Packet, 75 bytes on wire (600 bits), 75 bytes captured (600 bits)
Ethernet II, Src: Dell_eb:d7:90 (f0:d4:e2:eb:d7:90), Dst: Dell_74:67:ae (4c:d9:8f:74:67:ae)
Internet Protocol Version 4, Src: 10.101.18.96, Dst: 10.101.17.103
Transmission Control Protocol, Src Port: 36724, Dst Port: 5167, Seq: 137, Ack: 169, Len: 21
SCTE-104 Single Operation Message: alive_request_data()
    opID: alive_request_data() (0x0003)
    messageSize: 21
    result: Unknown (65535)
    result_extension: 65535 (0xffff)
    protocol_version: 0
    AS_index: 1 (0x01)
    message_number: 28
    DPI_PID_index: 0xfa0 (4000)
    time(): Jun  5, 2025 20:09:13.034048000 UTC
        seconds: 1433189353
        microseconds: 34048

   52 240.020070 10.101.17.103 → 10.101.18.96 SCTE104 75 SOP msgNo:8 opID:0x0004 alive_response_data()
Frame 52: Packet, 75 bytes on wire (600 bits), 75 bytes captured (600 bits)
Ethernet II, Src: Dell_74:67:ae (4c:d9:8f:74:67:ae), Dst: Dell_eb:d7:90 (f0:d4:e2:eb:d7:90)
Internet Protocol Version 4, Src: 10.101.17.103, Dst: 10.101.18.96
Transmission Control Protocol, Src Port: 5167, Dst Port: 36724, Seq: 169, Ack: 158, Len: 21
SCTE-104 Single Operation Message: alive_response_data()
    opID: alive_response_data() (0x0004)
    messageSize: 21
    result: Successful Response (100)
    result_extension: 65535 (0xffff)
    protocol_version: 0
    AS_index: 1 (0x01)
    message_number: 8
    DPI_PID_index: 0xfa0 (4000)
    time(): Jun  5, 2025 20:08:57.030201000 UTC
        seconds: 1433189337
        microseconds: 30201

   53 250.020255 10.101.18.96 → 10.101.17.103 SCTE104 67 SOP msgNo:30 opID:0x0003 alive_request_data()
Frame 53: Packet, 67 bytes on wire (536 bits), 67 bytes captured (536 bits)
Ethernet II, Src: Dell_eb:d7:90 (f0:d4:e2:eb:d7:90), Dst: Dell_74:67:ae (4c:d9:8f:74:67:ae)
Internet Protocol Version 4, Src: 10.101.18.96, Dst: 10.101.17.103
Transmission Control Protocol, Src Port: 36724, Dst Port: 5167, Seq: 158, Ack: 190, Len: 13
SCTE-104 Single Operation Message: alive_request_data()
    opID: alive_request_data() (0x0003)
    messageSize: 13
    result: Unknown (65535)
    result_extension: 65535 (0xffff)
    protocol_version: 0
    AS_index: 1 (0x01)
    message_number: 30
    DPI_PID_index: 0xfa0 (4000)

   54 250.020428 10.101.17.103 → 10.101.18.96 SCTE104 75 SOP msgNo:9 opID:0x0004 alive_response_data()
Frame 54: Packet, 75 bytes on wire (600 bits), 75 bytes captured (600 bits)
Ethernet II, Src: Dell_74:67:ae (4c:d9:8f:74:67:ae), Dst: Dell_eb:d7:90 (f0:d4:e2:eb:d7:90)
Internet Protocol Version 4, Src: 10.101.17.103, Dst: 10.101.18.96
Transmission Control Protocol, Src Port: 5167, Dst Port: 36724, Seq: 190, Ack: 171, Len: 21
SCTE-104 Single Operation Message: alive_response_data()
    opID: alive_response_data() (0x0004)
    messageSize: 21
    result: Successful Response (100)
    result_extension: 65535 (0xffff)
    protocol_version: 0
    AS_index: 1 (0x01)
    message_number: 9
    DPI_PID_index: 0xfa0 (4000)
    time(): Jun  5, 2025 20:09:07.030498000 UTC
        seconds: 1433189347
        microseconds: 30498

   55 260.020633 10.101.18.96 → 10.101.17.103 SCTE104 75 SOP msgNo:32 opID:0x0003 alive_request_data()
Frame 55: Packet, 75 bytes on wire (600 bits), 75 bytes captured (600 bits)
Ethernet II, Src: Dell_eb:d7:90 (f0:d4:e2:eb:d7:90), Dst: Dell_74:67:ae (4c:d9:8f:74:67:ae)
Internet Protocol Version 4, Src: 10.101.18.96, Dst: 10.101.17.103
Transmission Control Protocol, Src Port: 36724, Dst Port: 5167, Seq: 171, Ack: 211, Len: 21
SCTE-104 Single Operation Message: alive_request_data()
    opID: alive_request_data() (0x0003)
    messageSize: 21
    result: Unknown (65535)
    result_extension: 65535 (0xffff)
    protocol_version: 0
    AS_index: 1 (0x01)
    message_number: 32
    DPI_PID_index: 0xfa0 (4000)
    time(): Jun  5, 2025 20:09:33.034859000 UTC
        seconds: 1433189373
        microseconds: 34859

   56 260.020805 10.101.17.103 → 10.101.18.96 SCTE104 75 SOP msgNo:10 opID:0x0004 alive_response_data()
Frame 56: Packet, 75 bytes on wire (600 bits), 75 bytes captured (600 bits)
Ethernet II, Src: Dell_74:67:ae (4c:d9:8f:74:67:ae), Dst: Dell_eb:d7:90 (f0:d4:e2:eb:d7:90)
Internet Protocol Version 4, Src: 10.101.17.103, Dst: 10.101.18.96
Transmission Control Protocol, Src Port: 5167, Dst Port: 36724, Seq: 211, Ack: 192, Len: 21
SCTE-104 Single Operation Message: alive_response_data()
    opID: alive_response_data() (0x0004)
    messageSize: 21
    result: Successful Response (100)
    result_extension: 65535 (0xffff)
    protocol_version: 0
    AS_index: 1 (0x01)
    message_number: 10
    DPI_PID_index: 0xfa0 (4000)
    time(): Jun  5, 2025 20:09:17.030814000 UTC
        seconds: 1433189357
        microseconds: 30814

