    1   0.000000    127.0.0.1 → 127.0.0.1    SCTE104 59 SOP msgNo:3 opID:0x0008 inject_complete_response_data()
Frame 1: Packet, 59 bytes on wire (472 bits), 59 bytes captured (472 bits)
Null/Loopback
Internet Protocol Version 4, Src: 127.0.0.1, Dst: 127.0.0.1
Transmission Control Protocol, Src Port: 5167, Dst Port: 53206, Seq: 1, Ack: 1, Len: 15
SCTE-104 Single Operation Message: inject_complete_response_data()
    opID: inject_complete_response_data() (0x0008)
    messageSize: 15
    result: Successful Response (100)
    result_extension: 65535 (0xffff)
    protocol_version: 0
    AS_index: 0 (0x00)
    message_number: 3
    DPI_PID_index: 0x00 (0)
    inject_complete_response_data():
        message_number: 3
        cue_message_count: 0

