    1   0.000000 10.101.18.96 → 10.101.17.103 SCTE104 84 MOP
Frame 1: Packet, 84 bytes on wire (672 bits), 84 bytes captured (672 bits)
Ethernet II, Src: Dell_eb:d7:90 (f0:d4:e2:eb:d7:90), Dst: Dell_74:67:ae (4c:d9:8f:74:67:ae)
Internet Protocol Version 4, Src: 10.101.18.96, Dst: 10.101.17.103
Transmission Control Protocol, Src Port: 36482, Dst Port: 5167, Seq: 1, Ack: 1, Len: 30
SCTE-104 Multiple Operation Message
    opID: Multiple Operation Message (0xffff)
    messageSize: 30
    protocol_version: 0
    AS_index: 1 (0x01)
    message_number: 238
    DPI_PID_index: 0xfa0 (4000)
    SCTE35_protocol_version: 0
    timestamp(): No timestamp
        time_type: None (0)
    num_ops: 1

